// Jest Snapshot v1, https://goo.gl/fbAQLP

exports[`ontario-hint-text snapshot should render the expected html 1`] = `
<ontario-hint-text hint="This is a test hint" hint-id="idTest">
  <mock:shadow-root>
    <p aria-hint="This is a test hint" class="ontario-hint" id="idTest">
      This is a test hint
    </p>
  </mock:shadow-root>
</ontario-hint-text>
`;
