// Jest Snapshot v1, https://goo.gl/fbAQLP

exports[`ontario-dropdown-list snapshot should render the expected html 1`] = `
<ontario-dropdown-list is-empty-start-option="Please select" is-required="" label="Do you like cats?" name="cat-dropdown" options="[{
          &quot; value&quot;: &quot;dropdown-list-1&quot;,
          &quot;label&quot;: &quot;Option 1&quot;
        },
        {
          &quot;value&quot;: &quot;dropdown-list-2&quot;,
          &quot;label&quot;: &quot;Option 2&quot;
        },
        {
          &quot;value&quot;: &quot;dropdown-list-3&quot;,
          &quot;label&quot;: &quot;Option 3&quot;
        }]">
  <mock:shadow-root>
    <div class="ontario-form-group">
      <label class="ontario-label" htmlfor="ontario-dropdown-list">
        Do you like cats?
        <span class="ontario-label__flag">
          (required)
        </span>
      </label>
      <select class="ontario-dropdown ontario-input" name="cat-dropdown" style="background-image: url(/assets/ontario-material-dropdown-arrow-48px.svg);">
        <option>
          Please select
        </option>
        <option>
          Option 1
        </option>
        <option value="dropdown-list-2">
          Option 2
        </option>
        <option value="dropdown-list-3">
          Option 3
        </option>
      </select>
    </div>
  </mock:shadow-root>
</ontario-dropdown-list>
`;
